// Jest Snapshot v1, https://goo.gl/fbAQLP

exports[`Testing CounterApp should match with the snapshot 1`] = `
<div>
  <h2>
    This is a Counter App
  </h2>
  <h4>
    Which counts +1 every time it's clicked
  </h4>
  <h3
    data-testid="IDcounterApp"
    id="IDcounterApp"
  >
    0
  </h3>
  <button
    data-testid="test-btn--1"
  >
    -1
  </button>
  <button
    aria-label="btn-reset"
    data-testid="test-btn-reset"
  >
    Reset
  </button>
  <button
    data-testid="test-btn-+1"
  >
    +1
  </button>
</div>
`;
